
Memory Configuration

Name             Origin             Length             Attributes
*default*        0x0000000000000000 0xffffffffffffffff

Linker script and memory map

                0x0000000000080000                . = 0x80000

.text           0x0000000000080000      0x28c
 *(.text*)
 .text          0x0000000000080000       0x3c startup.o
                0x0000000000080000                _start
 .text          0x000000000008003c      0x250 cifra_de_cesar.o
                0x000000000008003c                uart_putc
                0x000000000008006c                uart_puts
                0x00000000000800c4                cifra_cesar
                0x0000000000080204                main

.rodata         0x000000000008028c       0x1f
 .rodata        0x000000000008028c       0x1f cifra_de_cesar.o

.glue_7         0x00000000000802ac        0x0
 .glue_7        0x00000000000802ac        0x0 linker stubs

.glue_7t        0x00000000000802ac        0x0
 .glue_7t       0x00000000000802ac        0x0 linker stubs

.vfp11_veneer   0x00000000000802ac        0x0
 .vfp11_veneer  0x00000000000802ac        0x0 linker stubs

.v4_bx          0x00000000000802ac        0x0
 .v4_bx         0x00000000000802ac        0x0 linker stubs

.iplt           0x00000000000802ac        0x0
 .iplt          0x00000000000802ac        0x0 startup.o

.rel.dyn        0x00000000000802ac        0x0
 .rel.iplt      0x00000000000802ac        0x0 startup.o

.data           0x00000000000802ab        0x0
 *(.data*)
 .data          0x00000000000802ab        0x0 startup.o
 .data          0x00000000000802ab        0x0 cifra_de_cesar.o

.igot.plt       0x00000000000802ac        0x0
 .igot.plt      0x00000000000802ac        0x0 startup.o

.bss            0x00000000000802ab        0x0
                0x00000000000802ab                bss_begin = .
 *(.bss*)
 .bss           0x00000000000802ab        0x0 startup.o
 .bss           0x00000000000802ab        0x0 cifra_de_cesar.o
 *(COMMON)
                0x00000000000802ab                bss_end = .
                0x00000000000802b0                . = ALIGN (0x8)
                0x00000000000812b0                _stack_top = (. + 0x1000)
LOAD startup.o
LOAD cifra_de_cesar.o
OUTPUT(cifra_de_cesar.elf elf32-littlearm)
LOAD linker stubs

.ARM.attributes
                0x0000000000000000       0x2b
 .ARM.attributes
                0x0000000000000000       0x12 startup.o
 .ARM.attributes
                0x0000000000000012       0x2f cifra_de_cesar.o

.comment        0x0000000000000000       0x33
 .comment       0x0000000000000000       0x33 cifra_de_cesar.o
                                         0x34 (size before relaxing)

.debug_line     0x0000000000000000      0x123
 .debug_line    0x0000000000000000       0x47 startup.o
 .debug_line    0x0000000000000047       0xdc cifra_de_cesar.o

.debug_info     0x0000000000000000      0x14f
 .debug_info    0x0000000000000000       0x26 startup.o
 .debug_info    0x0000000000000026      0x129 cifra_de_cesar.o

.debug_abbrev   0x0000000000000000      0x119
 .debug_abbrev  0x0000000000000000       0x14 startup.o
 .debug_abbrev  0x0000000000000014      0x105 cifra_de_cesar.o

.debug_aranges  0x0000000000000000       0x40
 .debug_aranges
                0x0000000000000000       0x20 startup.o
 .debug_aranges
                0x0000000000000020       0x20 cifra_de_cesar.o

.debug_str      0x0000000000000000      0x10b
 .debug_str     0x0000000000000000       0x44 startup.o
 .debug_str     0x0000000000000044       0xc7 cifra_de_cesar.o
                                         0xf5 (size before relaxing)

.debug_frame    0x0000000000000000       0x94
 .debug_frame   0x0000000000000000       0x94 cifra_de_cesar.o
