
Memory Configuration

Name             Origin             Length             Attributes
*default*        0x0000000000000000 0xffffffffffffffff

Linker script and memory map

                0x0000000004000000                . = 0x4000000

.text           0x0000000004000000       0xb4
 *(.text*)
 .text          0x0000000004000000       0x10 teste_startup.o
                0x0000000004000000                _start
 .text          0x0000000004000010       0xa4 teste.o
                0x0000000004000010                uart_putc
                0x0000000004000040                uart_puts
                0x0000000004000098                main

.rodata         0x00000000040000b4        0x7
 .rodata        0x00000000040000b4        0x7 teste.o

.glue_7         0x00000000040000bc        0x0
 .glue_7        0x00000000040000bc        0x0 linker stubs

.glue_7t        0x00000000040000bc        0x0
 .glue_7t       0x00000000040000bc        0x0 linker stubs

.vfp11_veneer   0x00000000040000bc        0x0
 .vfp11_veneer  0x00000000040000bc        0x0 linker stubs

.v4_bx          0x00000000040000bc        0x0
 .v4_bx         0x00000000040000bc        0x0 linker stubs

.iplt           0x00000000040000bc        0x0
 .iplt          0x00000000040000bc        0x0 teste_startup.o

.rel.dyn        0x00000000040000bc        0x0
 .rel.iplt      0x00000000040000bc        0x0 teste_startup.o

.data           0x00000000040000bb        0x0
 *(.data*)
 .data          0x00000000040000bb        0x0 teste_startup.o
 .data          0x00000000040000bb        0x0 teste.o

.igot.plt       0x00000000040000bc        0x0
 .igot.plt      0x00000000040000bc        0x0 teste_startup.o

.bss            0x00000000040000bb        0x0
                0x00000000040000bb                bss_begin = .
 *(.bss*)
 .bss           0x00000000040000bb        0x0 teste_startup.o
 .bss           0x00000000040000bb        0x0 teste.o
 *(COMMON)
                0x00000000040000bb                bss_end = .
                0x00000000040000c0                . = ALIGN (0x8)
                0x00000000040010c0                _stack_top = (. + 0x1000)
LOAD teste_startup.o
LOAD teste.o
OUTPUT(teste.elf elf32-littlearm)
LOAD linker stubs

.ARM.attributes
                0x0000000000000000       0x2b
 .ARM.attributes
                0x0000000000000000       0x12 teste_startup.o
 .ARM.attributes
                0x0000000000000012       0x2f teste.o

.comment        0x0000000000000000       0x33
 .comment       0x0000000000000000       0x33 teste.o
                                         0x34 (size before relaxing)

.debug_line     0x0000000000000000       0xa2
 .debug_line    0x0000000000000000       0x40 teste_startup.o
 .debug_line    0x0000000000000040       0x62 teste.o

.debug_info     0x0000000000000000       0xb4
 .debug_info    0x0000000000000000       0x26 teste_startup.o
 .debug_info    0x0000000000000026       0x8e teste.o

.debug_abbrev   0x0000000000000000       0xa2
 .debug_abbrev  0x0000000000000000       0x14 teste_startup.o
 .debug_abbrev  0x0000000000000014       0x8e teste.o

.debug_aranges  0x0000000000000000       0x40
 .debug_aranges
                0x0000000000000000       0x20 teste_startup.o
 .debug_aranges
                0x0000000000000020       0x20 teste.o

.debug_str      0x0000000000000000       0xe0
 .debug_str     0x0000000000000000       0x4a teste_startup.o
 .debug_str     0x000000000000004a       0x96 teste.o
                                         0xc4 (size before relaxing)

.debug_frame    0x0000000000000000       0x74
 .debug_frame   0x0000000000000000       0x74 teste.o
